// Jest Snapshot v1, https://goo.gl/fbAQLP

exports[`App renders should App match snapshot 1`] = `
<DocumentFragment>
  <h1>
    LOADING
  </h1>
</DocumentFragment>
`;
